22:06:04 | INFO: Data are loaded, start creating Blender stuff
22:06:04 | INFO: Blender create Mesh node model
22:06:05 | INFO: glTF import finished in 0.73s
22:06:05 | INFO: Data are loaded, start creating Blender stuff
22:06:05 | INFO: Blender create Mesh node model
22:06:05 | INFO: glTF import finished in 0.01s
Info: Baking map saved to internal image, save it externally or pack it
BAKED baseColor D:\AI\nextgame\.local\u3d01\build\blade-low-baked.glb-baseColor.png
Info: Baking map saved to internal image, save it externally or pack it
BAKED normal D:\AI\nextgame\.local\u3d01\build\blade-low-baked.glb-normal.png
Info: Baking map saved to internal image, save it externally or pack it
BAKED roughness D:\AI\nextgame\.local\u3d01\build\blade-low-baked.glb-roughness.png
Info: Baking map saved to internal image, save it externally or pack it
BAKED metallic D:\AI\nextgame\.local\u3d01\build\blade-low-baked.glb-metallic.png
INFO Draco is available, use library at C:\Program Files\Blender Foundation\Blender 5.2\5.2\scripts\addons_core\io_scene_gltf2\bf_intern_draco_bridge.dll
INFO MeshOptimizer is available, use library at C:\Program Files\Blender Foundation\Blender 5.2\5.2\scripts\addons_core\io_scene_gltf2\bf_intern_meshopt_bridge.dll
22:06:07 | INFO: Starting glTF 2.0 export
22:06:07 | INFO: Extracting primitive: model.001
22:06:07 | WARNING: More than one shader node tex image used for a texture. The resulting glTF sampler will behave like the first shader node tex image.
22:06:07 | INFO: Primitives created: 1
22:06:07 | INFO: Finished glTF 2.0 export in 0.07987833023071289 s

Blender 5.2.0 LTS (hash fbe6228777e7 built 2026-07-14 01:35:40)

Blender quit
